2026-06-19T20:03:29.390-04:00  INFO 29556 --- [content-service] [main] c.s.content.ContentServiceApplication    : Starting ContentServiceApplication using Java 17.0.10 with PID 29556 (C:\WorkSpace\SmallBooksRepository\content-service\target\classes started by Silvi in C:\WorkSpace\SmallBooksRepository\content-service)
2026-06-19T20:03:29.395-04:00 DEBUG 29556 --- [content-service] [main] c.s.content.ContentServiceApplication    : Running with Spring Boot v3.3.11, Spring v6.1.19
2026-06-19T20:03:29.403-04:00  INFO 29556 --- [content-service] [main] c.s.content.ContentServiceApplication    : No active profile set, falling back to 1 default profile: "default"
2026-06-19T20:03:29.438-04:00  INFO 29556 --- [content-service] [main] o.s.c.c.c.ConfigServerConfigDataLoader   : Fetching config from server at : http://localhost:8888
2026-06-19T20:03:29.438-04:00  INFO 29556 --- [content-service] [main] o.s.c.c.c.ConfigServerConfigDataLoader   : Located environment: name=content-service, profiles=[default], label=null, version=null, state=null
2026-06-19T20:03:30.085-04:00  INFO 29556 --- [content-service] [main] o.s.cloud.context.scope.GenericScope     : BeanFactory id=5c9fec85-f910-348d-9e4d-f645cc31a308
2026-06-19T20:03:30.410-04:00  INFO 29556 --- [content-service] [main] o.s.b.w.embedded.tomcat.TomcatWebServer  : Tomcat initialized with port 8093 (http)
2026-06-19T20:03:30.420-04:00  INFO 29556 --- [content-service] [main] o.apache.catalina.core.StandardService   : Starting service [Tomcat]
2026-06-19T20:03:30.420-04:00  INFO 29556 --- [content-service] [main] o.apache.catalina.core.StandardEngine    : Starting Servlet engine: [Apache Tomcat/10.1.40]
2026-06-19T20:03:30.474-04:00  INFO 29556 --- [content-service] [main] o.a.c.c.C.[Tomcat].[localhost].[/]       : Initializing Spring embedded WebApplicationContext
2026-06-19T20:03:30.474-04:00  INFO 29556 --- [content-service] [main] w.s.c.ServletWebServerApplicationContext : Root WebApplicationContext: initialization completed in 1036 ms
2026-06-19T20:03:30.805-04:00  INFO 29556 --- [content-service] [main] o.s.c.openfeign.FeignClientFactoryBean   : For 'elending-service' URL not provided. Will try picking an instance via load-balancing.
2026-06-19T20:03:30.877-04:00  INFO 29556 --- [content-service] [main] o.s.c.openfeign.FeignClientFactoryBean   : For 'ingestion-service' URL not provided. Will try picking an instance via load-balancing.
2026-06-19T20:03:31.346-04:00  INFO 29556 --- [content-service] [main] DiscoveryClientOptionalArgsConfiguration : Eureka HTTP Client uses RestTemplate.
2026-06-19T20:03:31.368-04:00  WARN 29556 --- [content-service] [main] iguration$LoadBalancerCaffeineWarnLogger : Spring Cloud LoadBalancer is currently working with the default cache. While this cache implementation is useful for development and tests, it's recommended to use Caffeine cache in production.You can switch to using Caffeine cache, by adding it and org.springframework.cache.caffeine.CaffeineCacheManager to the classpath.
2026-06-19T20:03:31.412-04:00  INFO 29556 --- [content-service] [main] o.s.c.n.eureka.InstanceInfoFactory       : Setting initial instance status as: STARTING
2026-06-19T20:03:31.440-04:00  INFO 29556 --- [content-service] [main] com.netflix.discovery.DiscoveryClient    : Initializing Eureka in region us-east-1
2026-06-19T20:03:31.446-04:00  INFO 29556 --- [content-service] [main] c.n.d.s.r.aws.ConfigClusterResolver      : Resolving eureka endpoints via configuration
2026-06-19T20:03:31.455-04:00  INFO 29556 --- [content-service] [main] com.netflix.discovery.DiscoveryClient    : Disable delta property : false
2026-06-19T20:03:31.456-04:00  INFO 29556 --- [content-service] [main] com.netflix.discovery.DiscoveryClient    : Single vip registry refresh property : null
2026-06-19T20:03:31.456-04:00  INFO 29556 --- [content-service] [main] com.netflix.discovery.DiscoveryClient    : Force full registry fetch : false
2026-06-19T20:03:31.456-04:00  INFO 29556 --- [content-service] [main] com.netflix.discovery.DiscoveryClient    : Application is null : false
2026-06-19T20:03:31.456-04:00  INFO 29556 --- [content-service] [main] com.netflix.discovery.DiscoveryClient    : Registered Applications size is zero : true
2026-06-19T20:03:31.456-04:00  INFO 29556 --- [content-service] [main] com.netflix.discovery.DiscoveryClient    : Application version is -1: true
2026-06-19T20:03:31.456-04:00  INFO 29556 --- [content-service] [main] com.netflix.discovery.DiscoveryClient    : Getting all instance registry info from the eureka server
2026-06-19T20:03:31.707-04:00  INFO 29556 --- [content-service] [main] com.netflix.discovery.DiscoveryClient    : The response status is 200
2026-06-19T20:03:31.711-04:00  INFO 29556 --- [content-service] [main] com.netflix.discovery.DiscoveryClient    : Starting heartbeat executor: renew interval is: 30
2026-06-19T20:03:31.713-04:00  INFO 29556 --- [content-service] [main] c.n.discovery.InstanceInfoReplicator     : InstanceInfoReplicator onDemand update allowed rate per min is 4
2026-06-19T20:03:31.715-04:00  INFO 29556 --- [content-service] [main] com.netflix.discovery.DiscoveryClient    : Discovery Client initialized at timestamp 1781913811714 with initial instances count: 5
2026-06-19T20:03:31.718-04:00  INFO 29556 --- [content-service] [main] o.s.c.n.e.s.EurekaServiceRegistry        : Registering application CONTENT-SERVICE with eureka with status UP
2026-06-19T20:03:31.719-04:00  INFO 29556 --- [content-service] [main] com.netflix.discovery.DiscoveryClient    : Saw local status change event StatusChangeEvent [timestamp=1781913811719, current=UP, previous=STARTING]
2026-06-19T20:03:31.722-04:00  INFO 29556 --- [content-service] [DiscoveryClient-InstanceInfoReplicator-%d] com.netflix.discovery.DiscoveryClient    : DiscoveryClient_CONTENT-SERVICE/host.docker.internal:content-service:8093: registering service...
2026-06-19T20:03:31.742-04:00  INFO 29556 --- [content-service] [main] o.s.b.w.embedded.tomcat.TomcatWebServer  : Tomcat started on port 8093 (http) with context path '/'
2026-06-19T20:03:31.743-04:00  INFO 29556 --- [content-service] [main] .s.c.n.e.s.EurekaAutoServiceRegistration : Updating port to 8093
2026-06-19T20:03:31.762-04:00  INFO 29556 --- [content-service] [DiscoveryClient-InstanceInfoReplicator-%d] com.netflix.discovery.DiscoveryClient    : DiscoveryClient_CONTENT-SERVICE/host.docker.internal:content-service:8093 - registration status: 204
2026-06-19T20:03:31.802-04:00  INFO 29556 --- [content-service] [main] c.s.content.ContentServiceApplication    : Started ContentServiceApplication in 3.302 seconds (process running for 3.77)
2026-06-19T20:08:31.472-04:00  INFO 29556 --- [content-service] [AsyncResolver-bootstrap-executor-%d] c.n.d.s.r.aws.ConfigClusterResolver      : Resolving eureka endpoints via configuration
2026-06-19T20:13:31.476-04:00  INFO 29556 --- [content-service] [AsyncResolver-bootstrap-executor-%d] c.n.d.s.r.aws.ConfigClusterResolver      : Resolving eureka endpoints via configuration
2026-06-19T20:18:31.484-04:00  INFO 29556 --- [content-service] [AsyncResolver-bootstrap-executor-%d] c.n.d.s.r.aws.ConfigClusterResolver      : Resolving eureka endpoints via configuration
2026-06-19T20:23:31.492-04:00  INFO 29556 --- [content-service] [AsyncResolver-bootstrap-executor-%d] c.n.d.s.r.aws.ConfigClusterResolver      : Resolving eureka endpoints via configuration
2026-06-19T20:28:31.502-04:00  INFO 29556 --- [content-service] [AsyncResolver-bootstrap-executor-%d] c.n.d.s.r.aws.ConfigClusterResolver      : Resolving eureka endpoints via configuration
2026-06-19T20:33:31.514-04:00  INFO 29556 --- [content-service] [AsyncResolver-bootstrap-executor-%d] c.n.d.s.r.aws.ConfigClusterResolver      : Resolving eureka endpoints via configuration
2026-06-19T20:38:31.515-04:00  INFO 29556 --- [content-service] [AsyncResolver-bootstrap-executor-%d] c.n.d.s.r.aws.ConfigClusterResolver      : Resolving eureka endpoints via configuration
2026-06-19T20:43:31.522-04:00  INFO 29556 --- [content-service] [AsyncResolver-bootstrap-executor-%d] c.n.d.s.r.aws.ConfigClusterResolver      : Resolving eureka endpoints via configuration
2026-06-19T20:48:31.532-04:00  INFO 29556 --- [content-service] [AsyncResolver-bootstrap-executor-%d] c.n.d.s.r.aws.ConfigClusterResolver      : Resolving eureka endpoints via configuration
2026-06-19T20:53:31.537-04:00  INFO 29556 --- [content-service] [AsyncResolver-bootstrap-executor-%d] c.n.d.s.r.aws.ConfigClusterResolver      : Resolving eureka endpoints via configuration
2026-06-19T20:58:31.547-04:00  INFO 29556 --- [content-service] [AsyncResolver-bootstrap-executor-%d] c.n.d.s.r.aws.ConfigClusterResolver      : Resolving eureka endpoints via configuration
2026-06-19T21:03:31.548-04:00  INFO 29556 --- [content-service] [AsyncResolver-bootstrap-executor-%d] c.n.d.s.r.aws.ConfigClusterResolver      : Resolving eureka endpoints via configuration
2026-06-19T21:04:34.314-04:00  INFO 15472 --- [content-service] [main] c.s.content.ContentServiceApplication    : Starting ContentServiceApplication using Java 17.0.10 with PID 15472 (C:\WorkSpace\SmallBooksRepository\content-service\target\classes started by Silvi in C:\WorkSpace\SmallBooksRepository\content-service)
2026-06-19T21:04:34.314-04:00 DEBUG 15472 --- [content-service] [main] c.s.content.ContentServiceApplication    : Running with Spring Boot v3.3.11, Spring v6.1.19
2026-06-19T21:04:34.314-04:00  INFO 15472 --- [content-service] [main] c.s.content.ContentServiceApplication    : No active profile set, falling back to 1 default profile: "default"
2026-06-19T21:04:34.367-04:00  INFO 15472 --- [content-service] [main] o.s.c.c.c.ConfigServerConfigDataLoader   : Fetching config from server at : http://localhost:8888
2026-06-19T21:04:34.367-04:00  INFO 15472 --- [content-service] [main] o.s.c.c.c.ConfigServerConfigDataLoader   : Located environment: name=content-service, profiles=[default], label=null, version=null, state=null
2026-06-19T21:04:35.255-04:00  INFO 15472 --- [content-service] [main] o.s.cloud.context.scope.GenericScope     : BeanFactory id=d7e68b56-3922-312f-a3ae-5f8845b6f667
2026-06-19T21:04:35.536-04:00  INFO 15472 --- [content-service] [main] o.s.b.w.embedded.tomcat.TomcatWebServer  : Tomcat initialized with port 8093 (http)
2026-06-19T21:04:35.554-04:00  INFO 15472 --- [content-service] [main] o.apache.catalina.core.StandardService   : Starting service [Tomcat]
2026-06-19T21:04:35.554-04:00  INFO 15472 --- [content-service] [main] o.apache.catalina.core.StandardEngine    : Starting Servlet engine: [Apache Tomcat/10.1.40]
2026-06-19T21:04:35.636-04:00  INFO 15472 --- [content-service] [main] o.a.c.c.C.[Tomcat].[localhost].[/]       : Initializing Spring embedded WebApplicationContext
2026-06-19T21:04:35.638-04:00  INFO 15472 --- [content-service] [main] w.s.c.ServletWebServerApplicationContext : Root WebApplicationContext: initialization completed in 1268 ms
2026-06-19T21:04:36.090-04:00  INFO 15472 --- [content-service] [main] o.s.c.openfeign.FeignClientFactoryBean   : For 'elending-service' URL not provided. Will try picking an instance via load-balancing.
2026-06-19T21:04:36.169-04:00  INFO 15472 --- [content-service] [main] o.s.c.openfeign.FeignClientFactoryBean   : For 'ingestion-service' URL not provided. Will try picking an instance via load-balancing.
2026-06-19T21:04:36.239-04:00  INFO 15472 --- [content-service] [main] o.s.v.b.OptionalValidatorFactoryBean     : Failed to set up a Bean Validation provider: jakarta.validation.NoProviderFoundException: Unable to create a Configuration, because no Jakarta Bean Validation provider could be found. Add a provider like Hibernate Validator (RI) to your classpath.
2026-06-19T21:04:36.835-04:00  INFO 15472 --- [content-service] [main] DiscoveryClientOptionalArgsConfiguration : Eureka HTTP Client uses RestTemplate.
2026-06-19T21:04:36.864-04:00  WARN 15472 --- [content-service] [main] iguration$LoadBalancerCaffeineWarnLogger : Spring Cloud LoadBalancer is currently working with the default cache. While this cache implementation is useful for development and tests, it's recommended to use Caffeine cache in production.You can switch to using Caffeine cache, by adding it and org.springframework.cache.caffeine.CaffeineCacheManager to the classpath.
2026-06-19T21:04:36.926-04:00  INFO 15472 --- [content-service] [main] o.s.c.n.eureka.InstanceInfoFactory       : Setting initial instance status as: STARTING
2026-06-19T21:04:36.960-04:00  INFO 15472 --- [content-service] [main] com.netflix.discovery.DiscoveryClient    : Initializing Eureka in region us-east-1
2026-06-19T21:04:36.974-04:00  INFO 15472 --- [content-service] [main] c.n.d.s.r.aws.ConfigClusterResolver      : Resolving eureka endpoints via configuration
2026-06-19T21:04:36.985-04:00  INFO 15472 --- [content-service] [main] com.netflix.discovery.DiscoveryClient    : Disable delta property : false
2026-06-19T21:04:36.988-04:00  INFO 15472 --- [content-service] [main] com.netflix.discovery.DiscoveryClient    : Single vip registry refresh property : null
2026-06-19T21:04:36.988-04:00  INFO 15472 --- [content-service] [main] com.netflix.discovery.DiscoveryClient    : Force full registry fetch : false
2026-06-19T21:04:36.988-04:00  INFO 15472 --- [content-service] [main] com.netflix.discovery.DiscoveryClient    : Application is null : false
2026-06-19T21:04:36.988-04:00  INFO 15472 --- [content-service] [main] com.netflix.discovery.DiscoveryClient    : Registered Applications size is zero : true
2026-06-19T21:04:36.988-04:00  INFO 15472 --- [content-service] [main] com.netflix.discovery.DiscoveryClient    : Application version is -1: true
2026-06-19T21:04:36.988-04:00  INFO 15472 --- [content-service] [main] com.netflix.discovery.DiscoveryClient    : Getting all instance registry info from the eureka server
2026-06-19T21:04:37.322-04:00  INFO 15472 --- [content-service] [main] com.netflix.discovery.DiscoveryClient    : The response status is 200
2026-06-19T21:04:37.337-04:00  INFO 15472 --- [content-service] [main] com.netflix.discovery.DiscoveryClient    : Starting heartbeat executor: renew interval is: 30
2026-06-19T21:04:37.340-04:00  INFO 15472 --- [content-service] [main] c.n.discovery.InstanceInfoReplicator     : InstanceInfoReplicator onDemand update allowed rate per min is 4
2026-06-19T21:04:37.340-04:00  INFO 15472 --- [content-service] [main] com.netflix.discovery.DiscoveryClient    : Discovery Client initialized at timestamp 1781917477340 with initial instances count: 11
2026-06-19T21:04:37.344-04:00  INFO 15472 --- [content-service] [main] o.s.c.n.e.s.EurekaServiceRegistry        : Registering application CONTENT-SERVICE with eureka with status UP
2026-06-19T21:04:37.345-04:00  INFO 15472 --- [content-service] [main] com.netflix.discovery.DiscoveryClient    : Saw local status change event StatusChangeEvent [timestamp=1781917477345, current=UP, previous=STARTING]
2026-06-19T21:04:37.348-04:00  INFO 15472 --- [content-service] [DiscoveryClient-InstanceInfoReplicator-%d] com.netflix.discovery.DiscoveryClient    : DiscoveryClient_CONTENT-SERVICE/host.docker.internal:content-service:8093: registering service...
2026-06-19T21:04:37.362-04:00  INFO 15472 --- [content-service] [main] o.s.b.w.embedded.tomcat.TomcatWebServer  : Tomcat started on port 8093 (http) with context path '/'
2026-06-19T21:04:37.372-04:00  INFO 15472 --- [content-service] [main] .s.c.n.e.s.EurekaAutoServiceRegistration : Updating port to 8093
2026-06-19T21:04:37.390-04:00  INFO 15472 --- [content-service] [DiscoveryClient-InstanceInfoReplicator-%d] com.netflix.discovery.DiscoveryClient    : DiscoveryClient_CONTENT-SERVICE/host.docker.internal:content-service:8093 - registration status: 204
2026-06-19T21:04:37.429-04:00  INFO 15472 --- [content-service] [main] c.s.content.ContentServiceApplication    : Started ContentServiceApplication in 4.166 seconds (process running for 4.829)
2026-06-19T21:09:36.994-04:00  INFO 15472 --- [content-service] [AsyncResolver-bootstrap-executor-%d] c.n.d.s.r.aws.ConfigClusterResolver      : Resolving eureka endpoints via configuration
2026-06-19T21:10:06.300-04:00  INFO 15472 --- [content-service] [http-nio-8093-exec-1] o.a.c.c.C.[Tomcat].[localhost].[/]       : Initializing Spring DispatcherServlet 'dispatcherServlet'
2026-06-19T21:10:06.300-04:00  INFO 15472 --- [content-service] [http-nio-8093-exec-1] o.s.web.servlet.DispatcherServlet        : Initializing Servlet 'dispatcherServlet'
2026-06-19T21:10:06.300-04:00  INFO 15472 --- [content-service] [http-nio-8093-exec-1] o.s.web.servlet.DispatcherServlet        : Completed initialization in 0 ms
2026-06-19T21:10:06.699-04:00  INFO 15472 --- [content-service] [http-nio-8093-exec-9] o.springdoc.api.AbstractOpenApiResource  : Init duration for springdoc-openapi is: 182 ms
2026-06-19T21:14:37.005-04:00  INFO 15472 --- [content-service] [AsyncResolver-bootstrap-executor-%d] c.n.d.s.r.aws.ConfigClusterResolver      : Resolving eureka endpoints via configuration
2026-06-19T21:19:37.019-04:00  INFO 15472 --- [content-service] [AsyncResolver-bootstrap-executor-%d] c.n.d.s.r.aws.ConfigClusterResolver      : Resolving eureka endpoints via configuration
2026-06-19T21:24:37.030-04:00  INFO 15472 --- [content-service] [AsyncResolver-bootstrap-executor-%d] c.n.d.s.r.aws.ConfigClusterResolver      : Resolving eureka endpoints via configuration
2026-06-19T21:29:37.041-04:00  INFO 15472 --- [content-service] [AsyncResolver-bootstrap-executor-%d] c.n.d.s.r.aws.ConfigClusterResolver      : Resolving eureka endpoints via configuration
2026-06-19T21:32:34.370-04:00  INFO 11920 --- [content-service] [main] c.s.content.ContentServiceApplication    : Starting ContentServiceApplication using Java 17.0.10 with PID 11920 (C:\WorkSpace\SmallBooksRepository\content-service\target\classes started by Silvi in C:\WorkSpace\SmallBooksRepository\content-service)
2026-06-19T21:32:34.376-04:00 DEBUG 11920 --- [content-service] [main] c.s.content.ContentServiceApplication    : Running with Spring Boot v3.3.11, Spring v6.1.19
2026-06-19T21:32:34.380-04:00  INFO 11920 --- [content-service] [main] c.s.content.ContentServiceApplication    : No active profile set, falling back to 1 default profile: "default"
2026-06-19T21:32:34.463-04:00  INFO 11920 --- [content-service] [main] o.s.c.c.c.ConfigServerConfigDataLoader   : Fetching config from server at : http://localhost:8888
2026-06-19T21:32:34.487-04:00  INFO 11920 --- [content-service] [main] o.s.c.c.c.ConfigServerConfigDataLoader   : Located environment: name=content-service, profiles=[default], label=null, version=null, state=null
2026-06-19T21:32:36.527-04:00  INFO 11920 --- [content-service] [main] o.s.cloud.context.scope.GenericScope     : BeanFactory id=d7e68b56-3922-312f-a3ae-5f8845b6f667
2026-06-19T21:32:37.090-04:00  INFO 11920 --- [content-service] [main] o.s.b.w.embedded.tomcat.TomcatWebServer  : Tomcat initialized with port 8093 (http)
2026-06-19T21:32:37.150-04:00  INFO 11920 --- [content-service] [main] o.apache.catalina.core.StandardService   : Starting service [Tomcat]
2026-06-19T21:32:37.152-04:00  INFO 11920 --- [content-service] [main] o.apache.catalina.core.StandardEngine    : Starting Servlet engine: [Apache Tomcat/10.1.40]
2026-06-19T21:32:37.477-04:00  INFO 11920 --- [content-service] [main] o.a.c.c.C.[Tomcat].[localhost].[/]       : Initializing Spring embedded WebApplicationContext
2026-06-19T21:32:37.499-04:00  INFO 11920 --- [content-service] [main] w.s.c.ServletWebServerApplicationContext : Root WebApplicationContext: initialization completed in 3007 ms
2026-06-19T21:32:41.908-04:00  INFO 11920 --- [content-service] [main] o.s.c.openfeign.FeignClientFactoryBean   : For 'elending-service' URL not provided. Will try picking an instance via load-balancing.
2026-06-19T21:32:42.058-04:00  INFO 11920 --- [content-service] [main] o.s.c.openfeign.FeignClientFactoryBean   : For 'ingestion-service' URL not provided. Will try picking an instance via load-balancing.
2026-06-19T21:32:42.230-04:00  INFO 11920 --- [content-service] [main] o.s.v.b.OptionalValidatorFactoryBean     : Failed to set up a Bean Validation provider: jakarta.validation.NoProviderFoundException: Unable to create a Configuration, because no Jakarta Bean Validation provider could be found. Add a provider like Hibernate Validator (RI) to your classpath.
2026-06-19T21:32:43.931-04:00  INFO 11920 --- [content-service] [main] DiscoveryClientOptionalArgsConfiguration : Eureka HTTP Client uses RestTemplate.
2026-06-19T21:32:44.041-04:00  WARN 11920 --- [content-service] [main] iguration$LoadBalancerCaffeineWarnLogger : Spring Cloud LoadBalancer is currently working with the default cache. While this cache implementation is useful for development and tests, it's recommended to use Caffeine cache in production.You can switch to using Caffeine cache, by adding it and org.springframework.cache.caffeine.CaffeineCacheManager to the classpath.
2026-06-19T21:32:44.199-04:00  INFO 11920 --- [content-service] [main] o.s.c.n.eureka.InstanceInfoFactory       : Setting initial instance status as: STARTING
2026-06-19T21:32:44.257-04:00  INFO 11920 --- [content-service] [main] com.netflix.discovery.DiscoveryClient    : Initializing Eureka in region us-east-1
2026-06-19T21:32:44.267-04:00  INFO 11920 --- [content-service] [main] c.n.d.s.r.aws.ConfigClusterResolver      : Resolving eureka endpoints via configuration
2026-06-19T21:32:44.292-04:00  INFO 11920 --- [content-service] [main] com.netflix.discovery.DiscoveryClient    : Disable delta property : false
2026-06-19T21:32:44.296-04:00  INFO 11920 --- [content-service] [main] com.netflix.discovery.DiscoveryClient    : Single vip registry refresh property : null
2026-06-19T21:32:44.296-04:00  INFO 11920 --- [content-service] [main] com.netflix.discovery.DiscoveryClient    : Force full registry fetch : false
2026-06-19T21:32:44.296-04:00  INFO 11920 --- [content-service] [main] com.netflix.discovery.DiscoveryClient    : Application is null : false
2026-06-19T21:32:44.297-04:00  INFO 11920 --- [content-service] [main] com.netflix.discovery.DiscoveryClient    : Registered Applications size is zero : true
2026-06-19T21:32:44.297-04:00  INFO 11920 --- [content-service] [main] com.netflix.discovery.DiscoveryClient    : Application version is -1: true
2026-06-19T21:32:44.297-04:00  INFO 11920 --- [content-service] [main] com.netflix.discovery.DiscoveryClient    : Getting all instance registry info from the eureka server
2026-06-19T21:32:44.948-04:00  INFO 11920 --- [content-service] [main] com.netflix.discovery.DiscoveryClient    : The response status is 200
2026-06-19T21:32:44.953-04:00  INFO 11920 --- [content-service] [main] com.netflix.discovery.DiscoveryClient    : Starting heartbeat executor: renew interval is: 30
2026-06-19T21:32:44.958-04:00  INFO 11920 --- [content-service] [main] c.n.discovery.InstanceInfoReplicator     : InstanceInfoReplicator onDemand update allowed rate per min is 4
2026-06-19T21:32:44.961-04:00  INFO 11920 --- [content-service] [main] com.netflix.discovery.DiscoveryClient    : Discovery Client initialized at timestamp 1781919164960 with initial instances count: 11
2026-06-19T21:32:44.970-04:00  INFO 11920 --- [content-service] [main] o.s.c.n.e.s.EurekaServiceRegistry        : Registering application CONTENT-SERVICE with eureka with status UP
2026-06-19T21:32:44.974-04:00  INFO 11920 --- [content-service] [main] com.netflix.discovery.DiscoveryClient    : Saw local status change event StatusChangeEvent [timestamp=1781919164974, current=UP, previous=STARTING]
2026-06-19T21:32:45.086-04:00  INFO 11920 --- [content-service] [DiscoveryClient-InstanceInfoReplicator-%d] com.netflix.discovery.DiscoveryClient    : DiscoveryClient_CONTENT-SERVICE/host.docker.internal:content-service:8093: registering service...
2026-06-19T21:32:45.309-04:00  INFO 11920 --- [content-service] [main] o.s.b.w.embedded.tomcat.TomcatWebServer  : Tomcat started on port 8093 (http) with context path '/'
2026-06-19T21:32:45.314-04:00  INFO 11920 --- [content-service] [main] .s.c.n.e.s.EurekaAutoServiceRegistration : Updating port to 8093
2026-06-19T21:32:45.978-04:00  INFO 11920 --- [content-service] [DiscoveryClient-InstanceInfoReplicator-%d] com.netflix.discovery.DiscoveryClient    : DiscoveryClient_CONTENT-SERVICE/host.docker.internal:content-service:8093 - registration status: 204
2026-06-19T21:32:47.419-04:00  INFO 11920 --- [content-service] [main] c.s.content.ContentServiceApplication    : Started ContentServiceApplication in 18.19 seconds (process running for 19.758)
2026-06-19T21:37:44.317-04:00  INFO 11920 --- [content-service] [AsyncResolver-bootstrap-executor-%d] c.n.d.s.r.aws.ConfigClusterResolver      : Resolving eureka endpoints via configuration
2026-06-19T21:42:44.320-04:00  INFO 11920 --- [content-service] [AsyncResolver-bootstrap-executor-%d] c.n.d.s.r.aws.ConfigClusterResolver      : Resolving eureka endpoints via configuration
2026-06-19T21:47:44.334-04:00  INFO 11920 --- [content-service] [AsyncResolver-bootstrap-executor-%d] c.n.d.s.r.aws.ConfigClusterResolver      : Resolving eureka endpoints via configuration
2026-06-19T21:52:44.336-04:00  INFO 11920 --- [content-service] [AsyncResolver-bootstrap-executor-%d] c.n.d.s.r.aws.ConfigClusterResolver      : Resolving eureka endpoints via configuration
2026-06-19T21:55:52.758-04:00  INFO 11920 --- [content-service] [http-nio-8093-exec-4] o.a.c.c.C.[Tomcat].[localhost].[/]       : Initializing Spring DispatcherServlet 'dispatcherServlet'
2026-06-19T21:55:52.758-04:00  INFO 11920 --- [content-service] [http-nio-8093-exec-4] o.s.web.servlet.DispatcherServlet        : Initializing Servlet 'dispatcherServlet'
2026-06-19T21:55:52.758-04:00  INFO 11920 --- [content-service] [http-nio-8093-exec-4] o.s.web.servlet.DispatcherServlet        : Completed initialization in 0 ms
2026-06-19T21:55:53.120-04:00  INFO 11920 --- [content-service] [http-nio-8093-exec-1] o.springdoc.api.AbstractOpenApiResource  : Init duration for springdoc-openapi is: 152 ms
2026-06-19T21:56:47.791-04:00  WARN 11920 --- [content-service] [http-nio-8093-exec-6] .w.s.m.s.DefaultHandlerExceptionResolver : Resolved [org.springframework.web.bind.MissingRequestHeaderException: Required request header 'Authorization' for method parameter type String is not present]
2026-06-19T21:57:06.165-04:00  WARN 11920 --- [content-service] [http-nio-8093-exec-2] .w.s.m.s.DefaultHandlerExceptionResolver : Resolved [org.springframework.web.bind.MissingRequestHeaderException: Required request header 'Authorization' for method parameter type String is not present]
2026-06-19T21:57:12.307-04:00  WARN 11920 --- [content-service] [http-nio-8093-exec-8] .w.s.m.s.DefaultHandlerExceptionResolver : Resolved [org.springframework.web.bind.MissingRequestHeaderException: Required request header 'Authorization' for method parameter type String is not present]
2026-06-19T21:57:44.346-04:00  INFO 11920 --- [content-service] [AsyncResolver-bootstrap-executor-%d] c.n.d.s.r.aws.ConfigClusterResolver      : Resolving eureka endpoints via configuration
2026-06-19T21:58:02.817-04:00  WARN 11920 --- [content-service] [http-nio-8093-exec-3] .w.s.m.s.DefaultHandlerExceptionResolver : Resolved [org.springframework.web.bind.MissingRequestHeaderException: Required request header 'Authorization' for method parameter type String is not present]
2026-06-19T21:58:09.935-04:00  WARN 11920 --- [content-service] [http-nio-8093-exec-9] .w.s.m.s.DefaultHandlerExceptionResolver : Resolved [org.springframework.web.bind.MissingRequestHeaderException: Required request header 'Authorization' for method parameter type String is not present]
2026-06-19T21:58:16.759-04:00  WARN 11920 --- [content-service] [http-nio-8093-exec-1] .w.s.m.s.DefaultHandlerExceptionResolver : Resolved [org.springframework.web.bind.MissingRequestHeaderException: Required request header 'Authorization' for method parameter type String is not present]
2026-06-19T21:58:19.862-04:00  WARN 11920 --- [content-service] [http-nio-8093-exec-6] .w.s.m.s.DefaultHandlerExceptionResolver : Resolved [org.springframework.web.bind.MissingRequestHeaderException: Required request header 'Authorization' for method parameter type String is not present]
2026-06-19T21:58:48.932-04:00  WARN 11920 --- [content-service] [http-nio-8093-exec-7] .w.s.m.s.DefaultHandlerExceptionResolver : Resolved [org.springframework.web.bind.MissingRequestHeaderException: Required request header 'Authorization' for method parameter type String is not present]
2026-06-19T22:02:44.360-04:00  INFO 11920 --- [content-service] [AsyncResolver-bootstrap-executor-%d] c.n.d.s.r.aws.ConfigClusterResolver      : Resolving eureka endpoints via configuration
2026-06-19T22:07:44.361-04:00  INFO 11920 --- [content-service] [AsyncResolver-bootstrap-executor-%d] c.n.d.s.r.aws.ConfigClusterResolver      : Resolving eureka endpoints via configuration
2026-06-19T22:12:44.366-04:00  INFO 11920 --- [content-service] [AsyncResolver-bootstrap-executor-%d] c.n.d.s.r.aws.ConfigClusterResolver      : Resolving eureka endpoints via configuration
2026-06-19T22:17:44.372-04:00  INFO 11920 --- [content-service] [AsyncResolver-bootstrap-executor-%d] c.n.d.s.r.aws.ConfigClusterResolver      : Resolving eureka endpoints via configuration
2026-06-19T22:22:44.374-04:00  INFO 11920 --- [content-service] [AsyncResolver-bootstrap-executor-%d] c.n.d.s.r.aws.ConfigClusterResolver      : Resolving eureka endpoints via configuration
2026-06-19T22:27:44.375-04:00  INFO 11920 --- [content-service] [AsyncResolver-bootstrap-executor-%d] c.n.d.s.r.aws.ConfigClusterResolver      : Resolving eureka endpoints via configuration
2026-06-19T22:32:44.382-04:00  INFO 11920 --- [content-service] [AsyncResolver-bootstrap-executor-%d] c.n.d.s.r.aws.ConfigClusterResolver      : Resolving eureka endpoints via configuration
2026-06-19T22:37:44.387-04:00  INFO 11920 --- [content-service] [AsyncResolver-bootstrap-executor-%d] c.n.d.s.r.aws.ConfigClusterResolver      : Resolving eureka endpoints via configuration
2026-06-19T22:42:44.394-04:00  INFO 11920 --- [content-service] [AsyncResolver-bootstrap-executor-%d] c.n.d.s.r.aws.ConfigClusterResolver      : Resolving eureka endpoints via configuration
2026-06-19T22:47:44.407-04:00  INFO 11920 --- [content-service] [AsyncResolver-bootstrap-executor-%d] c.n.d.s.r.aws.ConfigClusterResolver      : Resolving eureka endpoints via configuration
2026-06-19T22:52:44.418-04:00  INFO 11920 --- [content-service] [AsyncResolver-bootstrap-executor-%d] c.n.d.s.r.aws.ConfigClusterResolver      : Resolving eureka endpoints via configuration
2026-06-19T22:57:44.419-04:00  INFO 11920 --- [content-service] [AsyncResolver-bootstrap-executor-%d] c.n.d.s.r.aws.ConfigClusterResolver      : Resolving eureka endpoints via configuration
2026-06-19T23:02:44.420-04:00  INFO 11920 --- [content-service] [AsyncResolver-bootstrap-executor-%d] c.n.d.s.r.aws.ConfigClusterResolver      : Resolving eureka endpoints via configuration
2026-06-19T23:07:44.429-04:00  INFO 11920 --- [content-service] [AsyncResolver-bootstrap-executor-%d] c.n.d.s.r.aws.ConfigClusterResolver      : Resolving eureka endpoints via configuration
2026-06-19T23:12:44.434-04:00  INFO 11920 --- [content-service] [AsyncResolver-bootstrap-executor-%d] c.n.d.s.r.aws.ConfigClusterResolver      : Resolving eureka endpoints via configuration
2026-06-19T23:17:44.449-04:00  INFO 11920 --- [content-service] [AsyncResolver-bootstrap-executor-%d] c.n.d.s.r.aws.ConfigClusterResolver      : Resolving eureka endpoints via configuration
2026-06-19T23:22:44.460-04:00  INFO 11920 --- [content-service] [AsyncResolver-bootstrap-executor-%d] c.n.d.s.r.aws.ConfigClusterResolver      : Resolving eureka endpoints via configuration
2026-06-19T23:27:44.468-04:00  INFO 11920 --- [content-service] [AsyncResolver-bootstrap-executor-%d] c.n.d.s.r.aws.ConfigClusterResolver      : Resolving eureka endpoints via configuration
2026-06-19T23:32:44.478-04:00  INFO 11920 --- [content-service] [AsyncResolver-bootstrap-executor-%d] c.n.d.s.r.aws.ConfigClusterResolver      : Resolving eureka endpoints via configuration
2026-06-19T23:37:44.480-04:00  INFO 11920 --- [content-service] [AsyncResolver-bootstrap-executor-%d] c.n.d.s.r.aws.ConfigClusterResolver      : Resolving eureka endpoints via configuration
2026-06-19T23:42:44.485-04:00  INFO 11920 --- [content-service] [AsyncResolver-bootstrap-executor-%d] c.n.d.s.r.aws.ConfigClusterResolver      : Resolving eureka endpoints via configuration
2026-06-19T23:47:44.499-04:00  INFO 11920 --- [content-service] [AsyncResolver-bootstrap-executor-%d] c.n.d.s.r.aws.ConfigClusterResolver      : Resolving eureka endpoints via configuration
