2026-05-25T19:58:33.184-04:00  INFO 35196 --- [elending-service] [main] c.s.elending.PrestamoServiceApplication  : Starting PrestamoServiceApplication using Java 17.0.10 with PID 35196 (C:\WorkSpace\cursos-microservicios\elending-service\target\classes started by Silvi in C:\WorkSpace\cursos-microservicios\elending-service)
2026-05-25T19:58:33.189-04:00 DEBUG 35196 --- [elending-service] [main] c.s.elending.PrestamoServiceApplication  : Running with Spring Boot v3.5.14, Spring v6.2.18
2026-05-25T19:58:33.190-04:00  INFO 35196 --- [elending-service] [main] c.s.elending.PrestamoServiceApplication  : No active profile set, falling back to 1 default profile: "default"
2026-05-25T19:58:33.251-04:00  INFO 35196 --- [elending-service] [main] o.s.c.c.c.ConfigServerConfigDataLoader   : Fetching config from server at : http://localhost:8888
2026-05-25T19:58:33.251-04:00  INFO 35196 --- [elending-service] [main] o.s.c.c.c.ConfigServerConfigDataLoader   : Located environment: name=elending-service, profiles=[default], label=null, version=null, state=null
2026-05-25T19:58:34.103-04:00  INFO 35196 --- [elending-service] [main] .s.d.r.c.RepositoryConfigurationDelegate : Bootstrapping Spring Data JPA repositories in DEFAULT mode.
2026-05-25T19:58:34.287-04:00  INFO 35196 --- [elending-service] [main] .s.d.r.c.RepositoryConfigurationDelegate : Finished Spring Data repository scanning in 169 ms. Found 1 JPA repository interface.
2026-05-25T19:58:34.566-04:00  INFO 35196 --- [elending-service] [main] o.s.cloud.context.scope.GenericScope     : BeanFactory id=bc5c282e-347b-37fa-a00e-496f67a3e93d
2026-05-25T19:58:35.074-04:00  INFO 35196 --- [elending-service] [main] o.s.b.w.embedded.tomcat.TomcatWebServer  : Tomcat initialized with port 8087 (http)
2026-05-25T19:58:35.092-04:00  INFO 35196 --- [elending-service] [main] o.apache.catalina.core.StandardService   : Starting service [Tomcat]
2026-05-25T19:58:35.094-04:00  INFO 35196 --- [elending-service] [main] o.apache.catalina.core.StandardEngine    : Starting Servlet engine: [Apache Tomcat/10.1.54]
2026-05-25T19:58:35.197-04:00  INFO 35196 --- [elending-service] [main] o.a.c.c.C.[Tomcat].[localhost].[/]       : Initializing Spring embedded WebApplicationContext
2026-05-25T19:58:35.210-04:00  INFO 35196 --- [elending-service] [main] w.s.c.ServletWebServerApplicationContext : Root WebApplicationContext: initialization completed in 1956 ms
2026-05-25T19:58:35.515-04:00  INFO 35196 --- [elending-service] [main] com.zaxxer.hikari.HikariDataSource       : HikariPool-1 - Starting...
2026-05-25T19:58:35.722-04:00  INFO 35196 --- [elending-service] [main] com.zaxxer.hikari.pool.HikariPool        : HikariPool-1 - Added connection com.mysql.cj.jdbc.ConnectionImpl@c4551c6
2026-05-25T19:58:35.723-04:00  INFO 35196 --- [elending-service] [main] com.zaxxer.hikari.HikariDataSource       : HikariPool-1 - Start completed.
2026-05-25T19:58:35.780-04:00  INFO 35196 --- [elending-service] [main] org.flywaydb.core.FlywayExecutor         : Database: jdbc:mysql://localhost:3306/db_lending?useSSL=false&serverTimezone=UTC (MySQL 8.4)
2026-05-25T19:58:35.791-04:00  WARN 35196 --- [elending-service] [main] o.f.c.internal.database.base.Database    : Flyway upgrade recommended: MySQL 8.4 is newer than this version of Flyway and support has not been tested. The latest supported version of MySQL is 8.1.
2026-05-25T19:58:35.839-04:00  INFO 35196 --- [elending-service] [main] o.f.core.internal.command.DbValidate     : Successfully validated 1 migration (execution time 00:00.036s)
2026-05-25T19:58:35.858-04:00  INFO 35196 --- [elending-service] [main] o.f.core.internal.command.DbMigrate      : Current version of schema `db_lending`: 1
2026-05-25T19:58:35.862-04:00  INFO 35196 --- [elending-service] [main] o.f.core.internal.command.DbMigrate      : Schema `db_lending` is up to date. No migration necessary.
2026-05-25T19:58:35.952-04:00  INFO 35196 --- [elending-service] [main] o.hibernate.jpa.internal.util.LogHelper  : HHH000204: Processing PersistenceUnitInfo [name: default]
2026-05-25T19:58:36.011-04:00  INFO 35196 --- [elending-service] [main] org.hibernate.Version                    : HHH000412: Hibernate ORM core version 6.6.49.Final
2026-05-25T19:58:36.050-04:00  INFO 35196 --- [elending-service] [main] o.h.c.internal.RegionFactoryInitiator    : HHH000026: Second-level cache disabled
2026-05-25T19:58:36.358-04:00  INFO 35196 --- [elending-service] [main] o.s.o.j.p.SpringPersistenceUnitInfo      : No LoadTimeWeaver setup: ignoring JPA class transformer
2026-05-25T19:58:36.416-04:00  WARN 35196 --- [elending-service] [main] org.hibernate.orm.deprecation            : HHH90000025: MySQLDialect does not need to be specified explicitly using 'hibernate.dialect' (remove the property setting and it will be selected by default)
2026-05-25T19:58:36.434-04:00  INFO 35196 --- [elending-service] [main] org.hibernate.orm.connections.pooling    : HHH10001005: Database info:
	Database JDBC URL [Connecting through datasource 'HikariDataSource (HikariPool-1)']
	Database driver: undefined/unknown
	Database version: 8.4.3
	Autocommit mode: undefined/unknown
	Isolation level: undefined/unknown
	Minimum pool size: undefined/unknown
	Maximum pool size: undefined/unknown
2026-05-25T19:58:37.201-04:00  INFO 35196 --- [elending-service] [main] o.h.e.t.j.p.i.JtaPlatformInitiator       : HHH000489: No JTA platform available (set 'hibernate.transaction.jta.platform' to enable JTA platform integration)
2026-05-25T19:58:37.235-04:00  INFO 35196 --- [elending-service] [main] j.LocalContainerEntityManagerFactoryBean : Initialized JPA EntityManagerFactory for persistence unit 'default'
2026-05-25T19:58:37.637-04:00  WARN 35196 --- [elending-service] [main] JpaBaseConfiguration$JpaWebConfiguration : spring.jpa.open-in-view is enabled by default. Therefore, database queries may be performed during view rendering. Explicitly configure spring.jpa.open-in-view to disable this warning
2026-05-25T19:58:37.860-04:00  INFO 35196 --- [elending-service] [main] o.s.c.openfeign.FeignClientFactoryBean   : For 'license-service' URL not provided. Will try picking an instance via load-balancing.
2026-05-25T19:58:37.927-04:00  INFO 35196 --- [elending-service] [main] o.s.c.openfeign.FeignClientFactoryBean   : For 'subscription-service' URL not provided. Will try picking an instance via load-balancing.
2026-05-25T19:58:37.957-04:00  INFO 35196 --- [elending-service] [main] o.s.c.openfeign.FeignClientFactoryBean   : For 'notification-service' URL not provided. Will try picking an instance via load-balancing.
2026-05-25T19:58:38.512-04:00  INFO 35196 --- [elending-service] [main] DiscoveryClientOptionalArgsConfiguration : Eureka HTTP Client uses RestTemplate.
2026-05-25T19:58:38.543-04:00  WARN 35196 --- [elending-service] [main] iguration$LoadBalancerCaffeineWarnLogger : Spring Cloud LoadBalancer is currently working with the default cache. While this cache implementation is useful for development and tests, it's recommended to use Caffeine cache in production.You can switch to using Caffeine cache, by adding it and org.springframework.cache.caffeine.CaffeineCacheManager to the classpath.
2026-05-25T19:58:38.567-04:00  INFO 35196 --- [elending-service] [main] o.s.c.n.eureka.InstanceInfoFactory       : Setting initial instance status as: STARTING
2026-05-25T19:58:38.597-04:00  INFO 35196 --- [elending-service] [main] com.netflix.discovery.DiscoveryClient    : Initializing Eureka in region us-east-1
2026-05-25T19:58:38.602-04:00  INFO 35196 --- [elending-service] [main] c.n.d.s.r.aws.ConfigClusterResolver      : Resolving eureka endpoints via configuration
2026-05-25T19:58:38.611-04:00  INFO 35196 --- [elending-service] [main] com.netflix.discovery.DiscoveryClient    : Disable delta property : false
2026-05-25T19:58:38.612-04:00  INFO 35196 --- [elending-service] [main] com.netflix.discovery.DiscoveryClient    : Single vip registry refresh property : null
2026-05-25T19:58:38.612-04:00  INFO 35196 --- [elending-service] [main] com.netflix.discovery.DiscoveryClient    : Force full registry fetch : false
2026-05-25T19:58:38.612-04:00  INFO 35196 --- [elending-service] [main] com.netflix.discovery.DiscoveryClient    : Application is null : false
2026-05-25T19:58:38.612-04:00  INFO 35196 --- [elending-service] [main] com.netflix.discovery.DiscoveryClient    : Registered Applications size is zero : true
2026-05-25T19:58:38.612-04:00  INFO 35196 --- [elending-service] [main] com.netflix.discovery.DiscoveryClient    : Application version is -1: true
2026-05-25T19:58:38.613-04:00  INFO 35196 --- [elending-service] [main] com.netflix.discovery.DiscoveryClient    : Getting all instance registry info from the eureka server
2026-05-25T19:58:38.941-04:00  INFO 35196 --- [elending-service] [main] com.netflix.discovery.DiscoveryClient    : The response status is 200
2026-05-25T19:58:38.945-04:00  INFO 35196 --- [elending-service] [main] com.netflix.discovery.DiscoveryClient    : Starting heartbeat executor: renew interval is: 30
2026-05-25T19:58:38.947-04:00  INFO 35196 --- [elending-service] [main] c.n.discovery.InstanceInfoReplicator     : InstanceInfoReplicator onDemand update allowed rate per min is 4
2026-05-25T19:58:38.949-04:00  INFO 35196 --- [elending-service] [main] com.netflix.discovery.DiscoveryClient    : Discovery Client initialized at timestamp 1779753518949 with initial instances count: 11
2026-05-25T19:58:38.953-04:00  INFO 35196 --- [elending-service] [main] o.s.c.n.e.s.EurekaServiceRegistry        : Registering application ELENDING-SERVICE with eureka with status UP
2026-05-25T19:58:38.954-04:00  INFO 35196 --- [elending-service] [main] com.netflix.discovery.DiscoveryClient    : Saw local status change event StatusChangeEvent [timestamp=1779753518954, current=UP, previous=STARTING]
2026-05-25T19:58:38.957-04:00  INFO 35196 --- [elending-service] [DiscoveryClient-InstanceInfoReplicator-%d] com.netflix.discovery.DiscoveryClient    : DiscoveryClient_ELENDING-SERVICE/DESKTOP-N7DD3QB:elending-service:8087: registering service...
2026-05-25T19:58:38.979-04:00  INFO 35196 --- [elending-service] [main] o.s.b.w.embedded.tomcat.TomcatWebServer  : Tomcat started on port 8087 (http) with context path '/'
2026-05-25T19:58:38.981-04:00  INFO 35196 --- [elending-service] [main] .s.c.n.e.s.EurekaAutoServiceRegistration : Updating port to 8087
2026-05-25T19:58:38.991-04:00  INFO 35196 --- [elending-service] [DiscoveryClient-InstanceInfoReplicator-%d] com.netflix.discovery.DiscoveryClient    : DiscoveryClient_ELENDING-SERVICE/DESKTOP-N7DD3QB:elending-service:8087 - registration status: 204
2026-05-25T19:58:39.028-04:00  INFO 35196 --- [elending-service] [main] c.s.elending.PrestamoServiceApplication  : Started PrestamoServiceApplication in 7.154 seconds (process running for 7.721)
2026-05-25T19:58:39.036-04:00  INFO 35196 --- [elending-service] [scheduling-1] c.s.elending.service.PrestamoService     : Scheduler ejecutado — verificando préstamos vencidos a las 2026-05-25T19:58:39.036717700
2026-05-25T19:58:39.201-04:00  INFO 35196 --- [elending-service] [scheduling-1] c.s.elending.service.PrestamoService     : Préstamos vencidos encontrados: 0
2026-05-25T19:58:39.206-04:00  INFO 35196 --- [elending-service] [scheduling-1] c.s.elending.service.PrestamoService     : Préstamos próximos a vencer (2 días): 0
2026-05-25T20:03:38.617-04:00  INFO 35196 --- [elending-service] [AsyncResolver-bootstrap-executor-%d] c.n.d.s.r.aws.ConfigClusterResolver      : Resolving eureka endpoints via configuration
2026-05-25T20:08:38.622-04:00  INFO 35196 --- [elending-service] [AsyncResolver-bootstrap-executor-%d] c.n.d.s.r.aws.ConfigClusterResolver      : Resolving eureka endpoints via configuration
2026-05-25T20:12:38.011-04:00  INFO 35196 --- [elending-service] [http-nio-8087-exec-1] o.a.c.c.C.[Tomcat].[localhost].[/]       : Initializing Spring DispatcherServlet 'dispatcherServlet'
2026-05-25T20:12:38.013-04:00  INFO 35196 --- [elending-service] [http-nio-8087-exec-1] o.s.web.servlet.DispatcherServlet        : Initializing Servlet 'dispatcherServlet'
2026-05-25T20:12:38.015-04:00  INFO 35196 --- [elending-service] [http-nio-8087-exec-1] o.s.web.servlet.DispatcherServlet        : Completed initialization in 2 ms
2026-05-25T20:12:38.108-04:00  INFO 35196 --- [elending-service] [http-nio-8087-exec-1] c.s.elending.service.PrestamoService     : Consultando préstamos activos del usuario: admin
2026-05-25T20:13:38.622-04:00  INFO 35196 --- [elending-service] [AsyncResolver-bootstrap-executor-%d] c.n.d.s.r.aws.ConfigClusterResolver      : Resolving eureka endpoints via configuration
2026-05-25T20:15:02.196-04:00  INFO 35196 --- [elending-service] [http-nio-8087-exec-3] c.s.elending.service.PrestamoService     : Consultando préstamos activos del usuario: admin
2026-05-25T20:17:09.520-04:00  INFO 35196 --- [elending-service] [http-nio-8087-exec-5] c.s.elending.service.PrestamoService     : Consultando préstamos activos del usuario: admin
2026-05-25T20:18:38.626-04:00  INFO 35196 --- [elending-service] [AsyncResolver-bootstrap-executor-%d] c.n.d.s.r.aws.ConfigClusterResolver      : Resolving eureka endpoints via configuration
2026-05-25T20:23:38.632-04:00  INFO 35196 --- [elending-service] [AsyncResolver-bootstrap-executor-%d] c.n.d.s.r.aws.ConfigClusterResolver      : Resolving eureka endpoints via configuration
