2026-06-19T20:04:11.627-04:00  INFO 21852 --- [search-service] [main] c.s.search.SearchServiceApplication      : Starting SearchServiceApplication using Java 17.0.10 with PID 21852 (C:\WorkSpace\SmallBooksRepository\search-service\target\classes started by Silvi in C:\WorkSpace\SmallBooksRepository\search-service)
2026-06-19T20:04:11.637-04:00 DEBUG 21852 --- [search-service] [main] c.s.search.SearchServiceApplication      : Running with Spring Boot v3.3.11, Spring v6.1.19
2026-06-19T20:04:11.638-04:00  INFO 21852 --- [search-service] [main] c.s.search.SearchServiceApplication      : No active profile set, falling back to 1 default profile: "default"
2026-06-19T20:04:11.676-04:00  INFO 21852 --- [search-service] [main] o.s.c.c.c.ConfigServerConfigDataLoader   : Fetching config from server at : http://localhost:8888
2026-06-19T20:04:11.677-04:00  INFO 21852 --- [search-service] [main] o.s.c.c.c.ConfigServerConfigDataLoader   : Located environment: name=search-service, profiles=[default], label=null, version=null, state=null
2026-06-19T20:04:12.373-04:00  INFO 21852 --- [search-service] [main] o.s.cloud.context.scope.GenericScope     : BeanFactory id=d92d1fed-0fc0-3feb-95ce-94442b62ac0a
2026-06-19T20:04:12.704-04:00  INFO 21852 --- [search-service] [main] o.s.b.w.embedded.tomcat.TomcatWebServer  : Tomcat initialized with port 8090 (http)
2026-06-19T20:04:12.719-04:00  INFO 21852 --- [search-service] [main] o.apache.catalina.core.StandardService   : Starting service [Tomcat]
2026-06-19T20:04:12.720-04:00  INFO 21852 --- [search-service] [main] o.apache.catalina.core.StandardEngine    : Starting Servlet engine: [Apache Tomcat/10.1.40]
2026-06-19T20:04:12.784-04:00  INFO 21852 --- [search-service] [main] o.a.c.c.C.[Tomcat].[localhost].[/]       : Initializing Spring embedded WebApplicationContext
2026-06-19T20:04:12.785-04:00  INFO 21852 --- [search-service] [main] w.s.c.ServletWebServerApplicationContext : Root WebApplicationContext: initialization completed in 1103 ms
2026-06-19T20:04:13.178-04:00  INFO 21852 --- [search-service] [main] o.s.c.openfeign.FeignClientFactoryBean   : For 'catalog-service' URL not provided. Will try picking an instance via load-balancing.
2026-06-19T20:04:13.696-04:00  INFO 21852 --- [search-service] [main] DiscoveryClientOptionalArgsConfiguration : Eureka HTTP Client uses RestTemplate.
2026-06-19T20:04:13.725-04:00  WARN 21852 --- [search-service] [main] iguration$LoadBalancerCaffeineWarnLogger : Spring Cloud LoadBalancer is currently working with the default cache. While this cache implementation is useful for development and tests, it's recommended to use Caffeine cache in production.You can switch to using Caffeine cache, by adding it and org.springframework.cache.caffeine.CaffeineCacheManager to the classpath.
2026-06-19T20:04:13.782-04:00  INFO 21852 --- [search-service] [main] o.s.c.n.eureka.InstanceInfoFactory       : Setting initial instance status as: STARTING
2026-06-19T20:04:13.810-04:00  INFO 21852 --- [search-service] [main] com.netflix.discovery.DiscoveryClient    : Initializing Eureka in region us-east-1
2026-06-19T20:04:13.815-04:00  INFO 21852 --- [search-service] [main] c.n.d.s.r.aws.ConfigClusterResolver      : Resolving eureka endpoints via configuration
2026-06-19T20:04:13.828-04:00  INFO 21852 --- [search-service] [main] com.netflix.discovery.DiscoveryClient    : Disable delta property : false
2026-06-19T20:04:13.828-04:00  INFO 21852 --- [search-service] [main] com.netflix.discovery.DiscoveryClient    : Single vip registry refresh property : null
2026-06-19T20:04:13.829-04:00  INFO 21852 --- [search-service] [main] com.netflix.discovery.DiscoveryClient    : Force full registry fetch : false
2026-06-19T20:04:13.829-04:00  INFO 21852 --- [search-service] [main] com.netflix.discovery.DiscoveryClient    : Application is null : false
2026-06-19T20:04:13.829-04:00  INFO 21852 --- [search-service] [main] com.netflix.discovery.DiscoveryClient    : Registered Applications size is zero : true
2026-06-19T20:04:13.829-04:00  INFO 21852 --- [search-service] [main] com.netflix.discovery.DiscoveryClient    : Application version is -1: true
2026-06-19T20:04:13.829-04:00  INFO 21852 --- [search-service] [main] com.netflix.discovery.DiscoveryClient    : Getting all instance registry info from the eureka server
2026-06-19T20:04:14.137-04:00  INFO 21852 --- [search-service] [main] com.netflix.discovery.DiscoveryClient    : The response status is 200
2026-06-19T20:04:14.140-04:00  INFO 21852 --- [search-service] [main] com.netflix.discovery.DiscoveryClient    : Starting heartbeat executor: renew interval is: 30
2026-06-19T20:04:14.142-04:00  INFO 21852 --- [search-service] [main] c.n.discovery.InstanceInfoReplicator     : InstanceInfoReplicator onDemand update allowed rate per min is 4
2026-06-19T20:04:14.143-04:00  INFO 21852 --- [search-service] [main] com.netflix.discovery.DiscoveryClient    : Discovery Client initialized at timestamp 1781913854143 with initial instances count: 7
2026-06-19T20:04:14.147-04:00  INFO 21852 --- [search-service] [main] o.s.c.n.e.s.EurekaServiceRegistry        : Registering application SEARCH-SERVICE with eureka with status UP
2026-06-19T20:04:14.149-04:00  INFO 21852 --- [search-service] [main] com.netflix.discovery.DiscoveryClient    : Saw local status change event StatusChangeEvent [timestamp=1781913854149, current=UP, previous=STARTING]
2026-06-19T20:04:14.151-04:00  INFO 21852 --- [search-service] [DiscoveryClient-InstanceInfoReplicator-%d] com.netflix.discovery.DiscoveryClient    : DiscoveryClient_SEARCH-SERVICE/host.docker.internal:search-service:8090: registering service...
2026-06-19T20:04:14.190-04:00  INFO 21852 --- [search-service] [main] o.s.b.w.embedded.tomcat.TomcatWebServer  : Tomcat started on port 8090 (http) with context path '/'
2026-06-19T20:04:14.191-04:00  INFO 21852 --- [search-service] [main] .s.c.n.e.s.EurekaAutoServiceRegistration : Updating port to 8090
2026-06-19T20:04:14.210-04:00  INFO 21852 --- [search-service] [DiscoveryClient-InstanceInfoReplicator-%d] com.netflix.discovery.DiscoveryClient    : DiscoveryClient_SEARCH-SERVICE/host.docker.internal:search-service:8090 - registration status: 204
2026-06-19T20:04:14.253-04:00  INFO 21852 --- [search-service] [main] c.s.search.SearchServiceApplication      : Started SearchServiceApplication in 3.573 seconds (process running for 4.105)
2026-06-19T20:09:13.838-04:00  INFO 21852 --- [search-service] [AsyncResolver-bootstrap-executor-%d] c.n.d.s.r.aws.ConfigClusterResolver      : Resolving eureka endpoints via configuration
2026-06-19T20:14:13.851-04:00  INFO 21852 --- [search-service] [AsyncResolver-bootstrap-executor-%d] c.n.d.s.r.aws.ConfigClusterResolver      : Resolving eureka endpoints via configuration
2026-06-19T20:19:13.862-04:00  INFO 21852 --- [search-service] [AsyncResolver-bootstrap-executor-%d] c.n.d.s.r.aws.ConfigClusterResolver      : Resolving eureka endpoints via configuration
2026-06-19T20:24:13.872-04:00  INFO 21852 --- [search-service] [AsyncResolver-bootstrap-executor-%d] c.n.d.s.r.aws.ConfigClusterResolver      : Resolving eureka endpoints via configuration
2026-06-19T20:29:13.874-04:00  INFO 21852 --- [search-service] [AsyncResolver-bootstrap-executor-%d] c.n.d.s.r.aws.ConfigClusterResolver      : Resolving eureka endpoints via configuration
2026-06-19T20:34:13.889-04:00  INFO 21852 --- [search-service] [AsyncResolver-bootstrap-executor-%d] c.n.d.s.r.aws.ConfigClusterResolver      : Resolving eureka endpoints via configuration
2026-06-19T20:39:13.902-04:00  INFO 21852 --- [search-service] [AsyncResolver-bootstrap-executor-%d] c.n.d.s.r.aws.ConfigClusterResolver      : Resolving eureka endpoints via configuration
2026-06-19T20:44:13.904-04:00  INFO 21852 --- [search-service] [AsyncResolver-bootstrap-executor-%d] c.n.d.s.r.aws.ConfigClusterResolver      : Resolving eureka endpoints via configuration
2026-06-19T20:49:13.909-04:00  INFO 21852 --- [search-service] [AsyncResolver-bootstrap-executor-%d] c.n.d.s.r.aws.ConfigClusterResolver      : Resolving eureka endpoints via configuration
2026-06-19T20:54:13.915-04:00  INFO 21852 --- [search-service] [AsyncResolver-bootstrap-executor-%d] c.n.d.s.r.aws.ConfigClusterResolver      : Resolving eureka endpoints via configuration
2026-06-19T20:59:13.924-04:00  INFO 21852 --- [search-service] [AsyncResolver-bootstrap-executor-%d] c.n.d.s.r.aws.ConfigClusterResolver      : Resolving eureka endpoints via configuration
2026-06-19T21:04:13.928-04:00  INFO 21852 --- [search-service] [AsyncResolver-bootstrap-executor-%d] c.n.d.s.r.aws.ConfigClusterResolver      : Resolving eureka endpoints via configuration
2026-06-19T21:04:54.889-04:00  INFO 15592 --- [search-service] [main] c.s.search.SearchServiceApplication      : Starting SearchServiceApplication using Java 17.0.10 with PID 15592 (C:\WorkSpace\SmallBooksRepository\search-service\target\classes started by Silvi in C:\WorkSpace\SmallBooksRepository\search-service)
2026-06-19T21:04:54.929-04:00 DEBUG 15592 --- [search-service] [main] c.s.search.SearchServiceApplication      : Running with Spring Boot v3.3.11, Spring v6.1.19
2026-06-19T21:04:54.931-04:00  INFO 15592 --- [search-service] [main] c.s.search.SearchServiceApplication      : No active profile set, falling back to 1 default profile: "default"
2026-06-19T21:04:55.043-04:00  INFO 15592 --- [search-service] [main] o.s.c.c.c.ConfigServerConfigDataLoader   : Fetching config from server at : http://localhost:8888
2026-06-19T21:04:55.043-04:00  INFO 15592 --- [search-service] [main] o.s.c.c.c.ConfigServerConfigDataLoader   : Located environment: name=search-service, profiles=[default], label=null, version=null, state=null
2026-06-19T21:04:56.298-04:00  INFO 15592 --- [search-service] [main] o.s.cloud.context.scope.GenericScope     : BeanFactory id=16eb7fde-4056-3938-a607-07768d12fe75
2026-06-19T21:04:56.760-04:00  INFO 15592 --- [search-service] [main] o.s.b.w.embedded.tomcat.TomcatWebServer  : Tomcat initialized with port 8090 (http)
2026-06-19T21:04:56.789-04:00  INFO 15592 --- [search-service] [main] o.apache.catalina.core.StandardService   : Starting service [Tomcat]
2026-06-19T21:04:56.796-04:00  INFO 15592 --- [search-service] [main] o.apache.catalina.core.StandardEngine    : Starting Servlet engine: [Apache Tomcat/10.1.40]
2026-06-19T21:04:56.948-04:00  INFO 15592 --- [search-service] [main] o.a.c.c.C.[Tomcat].[localhost].[/]       : Initializing Spring embedded WebApplicationContext
2026-06-19T21:04:56.974-04:00  INFO 15592 --- [search-service] [main] w.s.c.ServletWebServerApplicationContext : Root WebApplicationContext: initialization completed in 1929 ms
2026-06-19T21:04:58.268-04:00  INFO 15592 --- [search-service] [main] o.s.c.openfeign.FeignClientFactoryBean   : For 'catalog-service' URL not provided. Will try picking an instance via load-balancing.
2026-06-19T21:04:58.453-04:00  INFO 15592 --- [search-service] [main] o.s.v.b.OptionalValidatorFactoryBean     : Failed to set up a Bean Validation provider: jakarta.validation.NoProviderFoundException: Unable to create a Configuration, because no Jakarta Bean Validation provider could be found. Add a provider like Hibernate Validator (RI) to your classpath.
2026-06-19T21:04:59.383-04:00  INFO 15592 --- [search-service] [main] DiscoveryClientOptionalArgsConfiguration : Eureka HTTP Client uses RestTemplate.
2026-06-19T21:04:59.415-04:00  WARN 15592 --- [search-service] [main] iguration$LoadBalancerCaffeineWarnLogger : Spring Cloud LoadBalancer is currently working with the default cache. While this cache implementation is useful for development and tests, it's recommended to use Caffeine cache in production.You can switch to using Caffeine cache, by adding it and org.springframework.cache.caffeine.CaffeineCacheManager to the classpath.
2026-06-19T21:04:59.533-04:00  INFO 15592 --- [search-service] [main] o.s.c.n.eureka.InstanceInfoFactory       : Setting initial instance status as: STARTING
2026-06-19T21:04:59.571-04:00  INFO 15592 --- [search-service] [main] com.netflix.discovery.DiscoveryClient    : Initializing Eureka in region us-east-1
2026-06-19T21:04:59.582-04:00  INFO 15592 --- [search-service] [main] c.n.d.s.r.aws.ConfigClusterResolver      : Resolving eureka endpoints via configuration
2026-06-19T21:04:59.593-04:00  INFO 15592 --- [search-service] [main] com.netflix.discovery.DiscoveryClient    : Disable delta property : false
2026-06-19T21:04:59.595-04:00  INFO 15592 --- [search-service] [main] com.netflix.discovery.DiscoveryClient    : Single vip registry refresh property : null
2026-06-19T21:04:59.595-04:00  INFO 15592 --- [search-service] [main] com.netflix.discovery.DiscoveryClient    : Force full registry fetch : false
2026-06-19T21:04:59.595-04:00  INFO 15592 --- [search-service] [main] com.netflix.discovery.DiscoveryClient    : Application is null : false
2026-06-19T21:04:59.595-04:00  INFO 15592 --- [search-service] [main] com.netflix.discovery.DiscoveryClient    : Registered Applications size is zero : true
2026-06-19T21:04:59.595-04:00  INFO 15592 --- [search-service] [main] com.netflix.discovery.DiscoveryClient    : Application version is -1: true
2026-06-19T21:04:59.597-04:00  INFO 15592 --- [search-service] [main] com.netflix.discovery.DiscoveryClient    : Getting all instance registry info from the eureka server
2026-06-19T21:05:00.084-04:00  INFO 15592 --- [search-service] [main] com.netflix.discovery.DiscoveryClient    : The response status is 200
2026-06-19T21:05:00.090-04:00  INFO 15592 --- [search-service] [main] com.netflix.discovery.DiscoveryClient    : Starting heartbeat executor: renew interval is: 30
2026-06-19T21:05:00.093-04:00  INFO 15592 --- [search-service] [main] c.n.discovery.InstanceInfoReplicator     : InstanceInfoReplicator onDemand update allowed rate per min is 4
2026-06-19T21:05:00.095-04:00  INFO 15592 --- [search-service] [main] com.netflix.discovery.DiscoveryClient    : Discovery Client initialized at timestamp 1781917500095 with initial instances count: 11
2026-06-19T21:05:00.103-04:00  INFO 15592 --- [search-service] [main] o.s.c.n.e.s.EurekaServiceRegistry        : Registering application SEARCH-SERVICE with eureka with status UP
2026-06-19T21:05:00.104-04:00  INFO 15592 --- [search-service] [main] com.netflix.discovery.DiscoveryClient    : Saw local status change event StatusChangeEvent [timestamp=1781917500104, current=UP, previous=STARTING]
2026-06-19T21:05:00.106-04:00  INFO 15592 --- [search-service] [DiscoveryClient-InstanceInfoReplicator-%d] com.netflix.discovery.DiscoveryClient    : DiscoveryClient_SEARCH-SERVICE/host.docker.internal:search-service:8090: registering service...
2026-06-19T21:05:00.154-04:00  INFO 15592 --- [search-service] [main] o.s.b.w.embedded.tomcat.TomcatWebServer  : Tomcat started on port 8090 (http) with context path '/'
2026-06-19T21:05:00.157-04:00  INFO 15592 --- [search-service] [main] .s.c.n.e.s.EurekaAutoServiceRegistration : Updating port to 8090
2026-06-19T21:05:00.183-04:00  INFO 15592 --- [search-service] [DiscoveryClient-InstanceInfoReplicator-%d] com.netflix.discovery.DiscoveryClient    : DiscoveryClient_SEARCH-SERVICE/host.docker.internal:search-service:8090 - registration status: 204
2026-06-19T21:05:00.388-04:00  INFO 15592 --- [search-service] [main] c.s.search.SearchServiceApplication      : Started SearchServiceApplication in 6.871 seconds (process running for 7.534)
2026-06-19T21:07:04.239-04:00  INFO 15592 --- [search-service] [http-nio-8090-exec-1] o.a.c.c.C.[Tomcat].[localhost].[/]       : Initializing Spring DispatcherServlet 'dispatcherServlet'
2026-06-19T21:07:04.239-04:00  INFO 15592 --- [search-service] [http-nio-8090-exec-1] o.s.web.servlet.DispatcherServlet        : Initializing Servlet 'dispatcherServlet'
2026-06-19T21:07:04.239-04:00  INFO 15592 --- [search-service] [http-nio-8090-exec-1] o.s.web.servlet.DispatcherServlet        : Completed initialization in 0 ms
2026-06-19T21:07:04.712-04:00  INFO 15592 --- [search-service] [http-nio-8090-exec-8] o.springdoc.api.AbstractOpenApiResource  : Init duration for springdoc-openapi is: 231 ms
2026-06-19T21:09:59.604-04:00  INFO 15592 --- [search-service] [AsyncResolver-bootstrap-executor-%d] c.n.d.s.r.aws.ConfigClusterResolver      : Resolving eureka endpoints via configuration
2026-06-19T21:14:59.611-04:00  INFO 15592 --- [search-service] [AsyncResolver-bootstrap-executor-%d] c.n.d.s.r.aws.ConfigClusterResolver      : Resolving eureka endpoints via configuration
2026-06-19T21:19:59.613-04:00  INFO 15592 --- [search-service] [AsyncResolver-bootstrap-executor-%d] c.n.d.s.r.aws.ConfigClusterResolver      : Resolving eureka endpoints via configuration
2026-06-19T21:24:59.622-04:00  INFO 15592 --- [search-service] [AsyncResolver-bootstrap-executor-%d] c.n.d.s.r.aws.ConfigClusterResolver      : Resolving eureka endpoints via configuration
2026-06-19T21:29:59.634-04:00  INFO 15592 --- [search-service] [AsyncResolver-bootstrap-executor-%d] c.n.d.s.r.aws.ConfigClusterResolver      : Resolving eureka endpoints via configuration
2026-06-19T21:32:43.344-04:00  INFO 13192 --- [search-service] [main] c.s.search.SearchServiceApplication      : Starting SearchServiceApplication using Java 17.0.10 with PID 13192 (C:\WorkSpace\SmallBooksRepository\search-service\target\classes started by Silvi in C:\WorkSpace\SmallBooksRepository\search-service)
2026-06-19T21:32:43.379-04:00 DEBUG 13192 --- [search-service] [main] c.s.search.SearchServiceApplication      : Running with Spring Boot v3.3.11, Spring v6.1.19
2026-06-19T21:32:43.499-04:00  INFO 13192 --- [search-service] [main] c.s.search.SearchServiceApplication      : No active profile set, falling back to 1 default profile: "default"
2026-06-19T21:32:43.642-04:00  INFO 13192 --- [search-service] [main] o.s.c.c.c.ConfigServerConfigDataLoader   : Fetching config from server at : http://localhost:8888
2026-06-19T21:32:43.714-04:00  INFO 13192 --- [search-service] [main] o.s.c.c.c.ConfigServerConfigDataLoader   : Located environment: name=search-service, profiles=[default], label=null, version=null, state=null
2026-06-19T21:32:46.456-04:00  INFO 13192 --- [search-service] [main] o.s.cloud.context.scope.GenericScope     : BeanFactory id=16eb7fde-4056-3938-a607-07768d12fe75
2026-06-19T21:32:47.051-04:00  INFO 13192 --- [search-service] [main] o.s.b.w.embedded.tomcat.TomcatWebServer  : Tomcat initialized with port 8090 (http)
2026-06-19T21:32:47.185-04:00  INFO 13192 --- [search-service] [main] o.apache.catalina.core.StandardService   : Starting service [Tomcat]
2026-06-19T21:32:47.241-04:00  INFO 13192 --- [search-service] [main] o.apache.catalina.core.StandardEngine    : Starting Servlet engine: [Apache Tomcat/10.1.40]
2026-06-19T21:32:47.388-04:00  INFO 13192 --- [search-service] [main] o.a.c.c.C.[Tomcat].[localhost].[/]       : Initializing Spring embedded WebApplicationContext
2026-06-19T21:32:47.556-04:00  INFO 13192 --- [search-service] [main] w.s.c.ServletWebServerApplicationContext : Root WebApplicationContext: initialization completed in 3803 ms
2026-06-19T21:32:49.113-04:00  INFO 13192 --- [search-service] [main] o.s.c.openfeign.FeignClientFactoryBean   : For 'catalog-service' URL not provided. Will try picking an instance via load-balancing.
2026-06-19T21:32:49.396-04:00  INFO 13192 --- [search-service] [main] o.s.v.b.OptionalValidatorFactoryBean     : Failed to set up a Bean Validation provider: jakarta.validation.NoProviderFoundException: Unable to create a Configuration, because no Jakarta Bean Validation provider could be found. Add a provider like Hibernate Validator (RI) to your classpath.
2026-06-19T21:32:50.704-04:00  INFO 13192 --- [search-service] [main] DiscoveryClientOptionalArgsConfiguration : Eureka HTTP Client uses RestTemplate.
2026-06-19T21:32:50.781-04:00  WARN 13192 --- [search-service] [main] iguration$LoadBalancerCaffeineWarnLogger : Spring Cloud LoadBalancer is currently working with the default cache. While this cache implementation is useful for development and tests, it's recommended to use Caffeine cache in production.You can switch to using Caffeine cache, by adding it and org.springframework.cache.caffeine.CaffeineCacheManager to the classpath.
2026-06-19T21:32:50.902-04:00  INFO 13192 --- [search-service] [main] o.s.c.n.eureka.InstanceInfoFactory       : Setting initial instance status as: STARTING
2026-06-19T21:32:50.971-04:00  INFO 13192 --- [search-service] [main] com.netflix.discovery.DiscoveryClient    : Initializing Eureka in region us-east-1
2026-06-19T21:32:50.979-04:00  INFO 13192 --- [search-service] [main] c.n.d.s.r.aws.ConfigClusterResolver      : Resolving eureka endpoints via configuration
2026-06-19T21:32:50.999-04:00  INFO 13192 --- [search-service] [main] com.netflix.discovery.DiscoveryClient    : Disable delta property : false
2026-06-19T21:32:51.003-04:00  INFO 13192 --- [search-service] [main] com.netflix.discovery.DiscoveryClient    : Single vip registry refresh property : null
2026-06-19T21:32:51.003-04:00  INFO 13192 --- [search-service] [main] com.netflix.discovery.DiscoveryClient    : Force full registry fetch : false
2026-06-19T21:32:51.003-04:00  INFO 13192 --- [search-service] [main] com.netflix.discovery.DiscoveryClient    : Application is null : false
2026-06-19T21:32:51.003-04:00  INFO 13192 --- [search-service] [main] com.netflix.discovery.DiscoveryClient    : Registered Applications size is zero : true
2026-06-19T21:32:51.005-04:00  INFO 13192 --- [search-service] [main] com.netflix.discovery.DiscoveryClient    : Application version is -1: true
2026-06-19T21:32:51.007-04:00  INFO 13192 --- [search-service] [main] com.netflix.discovery.DiscoveryClient    : Getting all instance registry info from the eureka server
2026-06-19T21:32:51.762-04:00  INFO 13192 --- [search-service] [main] com.netflix.discovery.DiscoveryClient    : The response status is 200
2026-06-19T21:32:51.780-04:00  INFO 13192 --- [search-service] [main] com.netflix.discovery.DiscoveryClient    : Starting heartbeat executor: renew interval is: 30
2026-06-19T21:32:51.784-04:00  INFO 13192 --- [search-service] [main] c.n.discovery.InstanceInfoReplicator     : InstanceInfoReplicator onDemand update allowed rate per min is 4
2026-06-19T21:32:51.786-04:00  INFO 13192 --- [search-service] [main] com.netflix.discovery.DiscoveryClient    : Discovery Client initialized at timestamp 1781919171786 with initial instances count: 11
2026-06-19T21:32:51.794-04:00  INFO 13192 --- [search-service] [main] o.s.c.n.e.s.EurekaServiceRegistry        : Registering application SEARCH-SERVICE with eureka with status UP
2026-06-19T21:32:51.796-04:00  INFO 13192 --- [search-service] [main] com.netflix.discovery.DiscoveryClient    : Saw local status change event StatusChangeEvent [timestamp=1781919171796, current=UP, previous=STARTING]
2026-06-19T21:32:51.822-04:00  INFO 13192 --- [search-service] [DiscoveryClient-InstanceInfoReplicator-%d] com.netflix.discovery.DiscoveryClient    : DiscoveryClient_SEARCH-SERVICE/host.docker.internal:search-service:8090: registering service...
2026-06-19T21:32:51.873-04:00  INFO 13192 --- [search-service] [main] o.s.b.w.embedded.tomcat.TomcatWebServer  : Tomcat started on port 8090 (http) with context path '/'
2026-06-19T21:32:51.879-04:00  INFO 13192 --- [search-service] [main] .s.c.n.e.s.EurekaAutoServiceRegistration : Updating port to 8090
2026-06-19T21:32:51.952-04:00  INFO 13192 --- [search-service] [DiscoveryClient-InstanceInfoReplicator-%d] com.netflix.discovery.DiscoveryClient    : DiscoveryClient_SEARCH-SERVICE/host.docker.internal:search-service:8090 - registration status: 204
2026-06-19T21:32:52.703-04:00  INFO 13192 --- [search-service] [main] c.s.search.SearchServiceApplication      : Started SearchServiceApplication in 13.852 seconds (process running for 16.225)
2026-06-19T21:37:51.028-04:00  INFO 13192 --- [search-service] [AsyncResolver-bootstrap-executor-%d] c.n.d.s.r.aws.ConfigClusterResolver      : Resolving eureka endpoints via configuration
2026-06-19T21:42:51.037-04:00  INFO 13192 --- [search-service] [AsyncResolver-bootstrap-executor-%d] c.n.d.s.r.aws.ConfigClusterResolver      : Resolving eureka endpoints via configuration
2026-06-19T21:47:51.042-04:00  INFO 13192 --- [search-service] [AsyncResolver-bootstrap-executor-%d] c.n.d.s.r.aws.ConfigClusterResolver      : Resolving eureka endpoints via configuration
2026-06-19T21:52:39.400-04:00  INFO 13192 --- [search-service] [http-nio-8090-exec-2] o.a.c.c.C.[Tomcat].[localhost].[/]       : Initializing Spring DispatcherServlet 'dispatcherServlet'
2026-06-19T21:52:39.400-04:00  INFO 13192 --- [search-service] [http-nio-8090-exec-2] o.s.web.servlet.DispatcherServlet        : Initializing Servlet 'dispatcherServlet'
2026-06-19T21:52:39.400-04:00  INFO 13192 --- [search-service] [http-nio-8090-exec-2] o.s.web.servlet.DispatcherServlet        : Completed initialization in 0 ms
2026-06-19T21:52:39.838-04:00  INFO 13192 --- [search-service] [http-nio-8090-exec-4] o.springdoc.api.AbstractOpenApiResource  : Init duration for springdoc-openapi is: 224 ms
2026-06-19T21:52:51.053-04:00  INFO 13192 --- [search-service] [AsyncResolver-bootstrap-executor-%d] c.n.d.s.r.aws.ConfigClusterResolver      : Resolving eureka endpoints via configuration
2026-06-19T21:57:51.055-04:00  INFO 13192 --- [search-service] [AsyncResolver-bootstrap-executor-%d] c.n.d.s.r.aws.ConfigClusterResolver      : Resolving eureka endpoints via configuration
2026-06-19T22:02:51.068-04:00  INFO 13192 --- [search-service] [AsyncResolver-bootstrap-executor-%d] c.n.d.s.r.aws.ConfigClusterResolver      : Resolving eureka endpoints via configuration
2026-06-19T22:07:51.072-04:00  INFO 13192 --- [search-service] [AsyncResolver-bootstrap-executor-%d] c.n.d.s.r.aws.ConfigClusterResolver      : Resolving eureka endpoints via configuration
2026-06-19T22:12:51.073-04:00  INFO 13192 --- [search-service] [AsyncResolver-bootstrap-executor-%d] c.n.d.s.r.aws.ConfigClusterResolver      : Resolving eureka endpoints via configuration
2026-06-19T22:17:51.081-04:00  INFO 13192 --- [search-service] [AsyncResolver-bootstrap-executor-%d] c.n.d.s.r.aws.ConfigClusterResolver      : Resolving eureka endpoints via configuration
2026-06-19T22:22:51.090-04:00  INFO 13192 --- [search-service] [AsyncResolver-bootstrap-executor-%d] c.n.d.s.r.aws.ConfigClusterResolver      : Resolving eureka endpoints via configuration
2026-06-19T22:27:51.099-04:00  INFO 13192 --- [search-service] [AsyncResolver-bootstrap-executor-%d] c.n.d.s.r.aws.ConfigClusterResolver      : Resolving eureka endpoints via configuration
2026-06-19T22:32:51.104-04:00  INFO 13192 --- [search-service] [AsyncResolver-bootstrap-executor-%d] c.n.d.s.r.aws.ConfigClusterResolver      : Resolving eureka endpoints via configuration
2026-06-19T22:37:51.114-04:00  INFO 13192 --- [search-service] [AsyncResolver-bootstrap-executor-%d] c.n.d.s.r.aws.ConfigClusterResolver      : Resolving eureka endpoints via configuration
2026-06-19T22:42:51.129-04:00  INFO 13192 --- [search-service] [AsyncResolver-bootstrap-executor-%d] c.n.d.s.r.aws.ConfigClusterResolver      : Resolving eureka endpoints via configuration
2026-06-19T22:47:51.129-04:00  INFO 13192 --- [search-service] [AsyncResolver-bootstrap-executor-%d] c.n.d.s.r.aws.ConfigClusterResolver      : Resolving eureka endpoints via configuration
2026-06-19T22:52:51.135-04:00  INFO 13192 --- [search-service] [AsyncResolver-bootstrap-executor-%d] c.n.d.s.r.aws.ConfigClusterResolver      : Resolving eureka endpoints via configuration
2026-06-19T22:57:51.143-04:00  INFO 13192 --- [search-service] [AsyncResolver-bootstrap-executor-%d] c.n.d.s.r.aws.ConfigClusterResolver      : Resolving eureka endpoints via configuration
2026-06-19T23:02:51.144-04:00  INFO 13192 --- [search-service] [AsyncResolver-bootstrap-executor-%d] c.n.d.s.r.aws.ConfigClusterResolver      : Resolving eureka endpoints via configuration
2026-06-19T23:07:51.161-04:00  INFO 13192 --- [search-service] [AsyncResolver-bootstrap-executor-%d] c.n.d.s.r.aws.ConfigClusterResolver      : Resolving eureka endpoints via configuration
2026-06-19T23:12:51.171-04:00  INFO 13192 --- [search-service] [AsyncResolver-bootstrap-executor-%d] c.n.d.s.r.aws.ConfigClusterResolver      : Resolving eureka endpoints via configuration
2026-06-19T23:17:51.184-04:00  INFO 13192 --- [search-service] [AsyncResolver-bootstrap-executor-%d] c.n.d.s.r.aws.ConfigClusterResolver      : Resolving eureka endpoints via configuration
2026-06-19T23:22:51.196-04:00  INFO 13192 --- [search-service] [AsyncResolver-bootstrap-executor-%d] c.n.d.s.r.aws.ConfigClusterResolver      : Resolving eureka endpoints via configuration
2026-06-19T23:27:51.204-04:00  INFO 13192 --- [search-service] [AsyncResolver-bootstrap-executor-%d] c.n.d.s.r.aws.ConfigClusterResolver      : Resolving eureka endpoints via configuration
2026-06-19T23:32:51.211-04:00  INFO 13192 --- [search-service] [AsyncResolver-bootstrap-executor-%d] c.n.d.s.r.aws.ConfigClusterResolver      : Resolving eureka endpoints via configuration
2026-06-19T23:37:51.226-04:00  INFO 13192 --- [search-service] [AsyncResolver-bootstrap-executor-%d] c.n.d.s.r.aws.ConfigClusterResolver      : Resolving eureka endpoints via configuration
2026-06-19T23:42:51.227-04:00  INFO 13192 --- [search-service] [AsyncResolver-bootstrap-executor-%d] c.n.d.s.r.aws.ConfigClusterResolver      : Resolving eureka endpoints via configuration
2026-06-19T23:47:51.228-04:00  INFO 13192 --- [search-service] [AsyncResolver-bootstrap-executor-%d] c.n.d.s.r.aws.ConfigClusterResolver      : Resolving eureka endpoints via configuration
