2026-06-22T18:29:04.689-04:00  INFO 18384 --- [notification-service] [main] c.s.n.c.NotificacionControllerTest       : Starting NotificacionControllerTest using Java 17.0.10 with PID 18384 (started by Silvi in C:\WorkSpace\SmallBooksRepository\notification-service)
2026-06-22T18:29:04.699-04:00 DEBUG 18384 --- [notification-service] [main] c.s.n.c.NotificacionControllerTest       : Running with Spring Boot v3.3.11, Spring v6.1.19
2026-06-22T18:29:04.700-04:00  INFO 18384 --- [notification-service] [main] c.s.n.c.NotificacionControllerTest       : No active profile set, falling back to 1 default profile: "default"
2026-06-22T18:29:04.718-04:00  INFO 18384 --- [notification-service] [main] o.s.c.c.c.ConfigServerConfigDataLoader   : Fetching config from server at : http://localhost:8888
2026-06-22T18:29:04.718-04:00  INFO 18384 --- [notification-service] [main] o.s.c.c.c.ConfigServerConfigDataLoader   : Exception on Url - http://localhost:8888:org.springframework.web.client.ResourceAccessException: I/O error on GET request for "http://localhost:8888/notification-service/default": Connection refused: no further information. Will be trying the next url if available
2026-06-22T18:29:04.718-04:00  WARN 18384 --- [notification-service] [main] o.s.c.c.c.ConfigServerConfigDataLoader   : Could not locate PropertySource ([ConfigServerConfigDataResource@17a703f5 uris = array<String>['http://localhost:8888'], optional = true, profiles = 'default']): I/O error on GET request for "http://localhost:8888/notification-service/default": Connection refused: no further information
2026-06-22T18:29:04.718-04:00  INFO 18384 --- [notification-service] [main] o.s.c.c.c.ConfigServerConfigDataLoader   : Fetching config from server at : http://localhost:8888
2026-06-22T18:29:04.718-04:00  INFO 18384 --- [notification-service] [main] o.s.c.c.c.ConfigServerConfigDataLoader   : Exception on Url - http://localhost:8888:org.springframework.web.client.ResourceAccessException: I/O error on GET request for "http://localhost:8888/notification-service/default": Connection refused: no further information. Will be trying the next url if available
2026-06-22T18:29:04.718-04:00  WARN 18384 --- [notification-service] [main] o.s.c.c.c.ConfigServerConfigDataLoader   : Could not locate PropertySource ([ConfigServerConfigDataResource@6fd12c5 uris = array<String>['http://localhost:8888'], optional = true, profiles = 'default']): I/O error on GET request for "http://localhost:8888/notification-service/default": Connection refused: no further information
2026-06-22T18:29:04.718-04:00  INFO 18384 --- [notification-service] [main] o.s.c.c.c.ConfigServerConfigDataLoader   : Fetching config from server at : http://localhost:8888
2026-06-22T18:29:04.718-04:00  INFO 18384 --- [notification-service] [main] o.s.c.c.c.ConfigServerConfigDataLoader   : Exception on Url - http://localhost:8888:org.springframework.web.client.ResourceAccessException: I/O error on GET request for "http://localhost:8888/notification-service/default": Connection refused: no further information. Will be trying the next url if available
2026-06-22T18:29:04.721-04:00  WARN 18384 --- [notification-service] [main] o.s.c.c.c.ConfigServerConfigDataLoader   : Could not locate PropertySource ([ConfigServerConfigDataResource@1de0a46c uris = array<String>['http://localhost:8888'], optional = true, profiles = 'default']): I/O error on GET request for "http://localhost:8888/notification-service/default": Connection refused: no further information
2026-06-22T18:29:06.737-04:00  INFO 18384 --- [notification-service] [main] o.s.b.t.m.w.SpringBootMockServletContext : Initializing Spring TestDispatcherServlet ''
2026-06-22T18:29:06.737-04:00  INFO 18384 --- [notification-service] [main] o.s.t.web.servlet.TestDispatcherServlet  : Initializing Servlet ''
2026-06-22T18:29:06.737-04:00  INFO 18384 --- [notification-service] [main] o.s.t.web.servlet.TestDispatcherServlet  : Completed initialization in 0 ms
2026-06-22T18:29:06.763-04:00  INFO 18384 --- [notification-service] [main] c.s.n.c.NotificacionControllerTest       : Started NotificacionControllerTest in 3.0 seconds (process running for 3.889)
2026-06-22T18:32:50.789-04:00  INFO 23060 --- [notification-service] [main] c.s.n.c.NotificacionControllerTest       : Starting NotificacionControllerTest using Java 17.0.10 with PID 23060 (started by Silvi in C:\WorkSpace\SmallBooksRepository\notification-service)
2026-06-22T18:32:50.791-04:00 DEBUG 23060 --- [notification-service] [main] c.s.n.c.NotificacionControllerTest       : Running with Spring Boot v3.3.11, Spring v6.1.19
2026-06-22T18:32:50.791-04:00  INFO 23060 --- [notification-service] [main] c.s.n.c.NotificacionControllerTest       : No active profile set, falling back to 1 default profile: "default"
2026-06-22T18:32:50.807-04:00  INFO 23060 --- [notification-service] [main] o.s.c.c.c.ConfigServerConfigDataLoader   : Fetching config from server at : http://localhost:8888
2026-06-22T18:32:50.807-04:00  INFO 23060 --- [notification-service] [main] o.s.c.c.c.ConfigServerConfigDataLoader   : Exception on Url - http://localhost:8888:org.springframework.web.client.ResourceAccessException: I/O error on GET request for "http://localhost:8888/notification-service/default": Connection refused: no further information. Will be trying the next url if available
2026-06-22T18:32:50.807-04:00  WARN 23060 --- [notification-service] [main] o.s.c.c.c.ConfigServerConfigDataLoader   : Could not locate PropertySource ([ConfigServerConfigDataResource@17a703f5 uris = array<String>['http://localhost:8888'], optional = true, profiles = 'default']): I/O error on GET request for "http://localhost:8888/notification-service/default": Connection refused: no further information
2026-06-22T18:32:50.807-04:00  INFO 23060 --- [notification-service] [main] o.s.c.c.c.ConfigServerConfigDataLoader   : Fetching config from server at : http://localhost:8888
2026-06-22T18:32:50.808-04:00  INFO 23060 --- [notification-service] [main] o.s.c.c.c.ConfigServerConfigDataLoader   : Exception on Url - http://localhost:8888:org.springframework.web.client.ResourceAccessException: I/O error on GET request for "http://localhost:8888/notification-service/default": Connection refused: no further information. Will be trying the next url if available
2026-06-22T18:32:50.808-04:00  WARN 23060 --- [notification-service] [main] o.s.c.c.c.ConfigServerConfigDataLoader   : Could not locate PropertySource ([ConfigServerConfigDataResource@6fd12c5 uris = array<String>['http://localhost:8888'], optional = true, profiles = 'default']): I/O error on GET request for "http://localhost:8888/notification-service/default": Connection refused: no further information
2026-06-22T18:32:50.808-04:00  INFO 23060 --- [notification-service] [main] o.s.c.c.c.ConfigServerConfigDataLoader   : Fetching config from server at : http://localhost:8888
2026-06-22T18:32:50.808-04:00  INFO 23060 --- [notification-service] [main] o.s.c.c.c.ConfigServerConfigDataLoader   : Exception on Url - http://localhost:8888:org.springframework.web.client.ResourceAccessException: I/O error on GET request for "http://localhost:8888/notification-service/default": Connection refused: no further information. Will be trying the next url if available
2026-06-22T18:32:50.808-04:00  WARN 23060 --- [notification-service] [main] o.s.c.c.c.ConfigServerConfigDataLoader   : Could not locate PropertySource ([ConfigServerConfigDataResource@1de0a46c uris = array<String>['http://localhost:8888'], optional = true, profiles = 'default']): I/O error on GET request for "http://localhost:8888/notification-service/default": Connection refused: no further information
2026-06-22T18:32:52.675-04:00  INFO 23060 --- [notification-service] [main] o.s.b.t.m.w.SpringBootMockServletContext : Initializing Spring TestDispatcherServlet ''
2026-06-22T18:32:52.675-04:00  INFO 23060 --- [notification-service] [main] o.s.t.web.servlet.TestDispatcherServlet  : Initializing Servlet ''
2026-06-22T18:32:52.690-04:00  INFO 23060 --- [notification-service] [main] o.s.t.web.servlet.TestDispatcherServlet  : Completed initialization in 15 ms
2026-06-22T18:32:52.706-04:00  INFO 23060 --- [notification-service] [main] c.s.n.c.NotificacionControllerTest       : Started NotificacionControllerTest in 2.74 seconds (process running for 3.632)
2026-06-22T18:37:14.713-04:00  INFO 14344 --- [notification-service] [main] c.s.n.c.NotificacionControllerTest       : Starting NotificacionControllerTest using Java 17.0.10 with PID 14344 (started by Silvi in C:\WorkSpace\SmallBooksRepository\notification-service)
2026-06-22T18:37:14.713-04:00 DEBUG 14344 --- [notification-service] [main] c.s.n.c.NotificacionControllerTest       : Running with Spring Boot v3.3.11, Spring v6.1.19
2026-06-22T18:37:14.713-04:00  INFO 14344 --- [notification-service] [main] c.s.n.c.NotificacionControllerTest       : No active profile set, falling back to 1 default profile: "default"
2026-06-22T18:37:14.736-04:00  INFO 14344 --- [notification-service] [main] o.s.c.c.c.ConfigServerConfigDataLoader   : Fetching config from server at : http://localhost:8888
2026-06-22T18:37:14.736-04:00  INFO 14344 --- [notification-service] [main] o.s.c.c.c.ConfigServerConfigDataLoader   : Exception on Url - http://localhost:8888:org.springframework.web.client.ResourceAccessException: I/O error on GET request for "http://localhost:8888/notification-service/default": Connection refused: no further information. Will be trying the next url if available
2026-06-22T18:37:14.736-04:00  WARN 14344 --- [notification-service] [main] o.s.c.c.c.ConfigServerConfigDataLoader   : Could not locate PropertySource ([ConfigServerConfigDataResource@3d49fd31 uris = array<String>['http://localhost:8888'], optional = true, profiles = 'default']): I/O error on GET request for "http://localhost:8888/notification-service/default": Connection refused: no further information
2026-06-22T18:37:14.736-04:00  INFO 14344 --- [notification-service] [main] o.s.c.c.c.ConfigServerConfigDataLoader   : Fetching config from server at : http://localhost:8888
2026-06-22T18:37:14.736-04:00  INFO 14344 --- [notification-service] [main] o.s.c.c.c.ConfigServerConfigDataLoader   : Exception on Url - http://localhost:8888:org.springframework.web.client.ResourceAccessException: I/O error on GET request for "http://localhost:8888/notification-service/default": Connection refused: no further information. Will be trying the next url if available
2026-06-22T18:37:14.736-04:00  WARN 14344 --- [notification-service] [main] o.s.c.c.c.ConfigServerConfigDataLoader   : Could not locate PropertySource ([ConfigServerConfigDataResource@45bb2aa1 uris = array<String>['http://localhost:8888'], optional = true, profiles = 'default']): I/O error on GET request for "http://localhost:8888/notification-service/default": Connection refused: no further information
2026-06-22T18:37:14.736-04:00  INFO 14344 --- [notification-service] [main] o.s.c.c.c.ConfigServerConfigDataLoader   : Fetching config from server at : http://localhost:8888
2026-06-22T18:37:14.736-04:00  INFO 14344 --- [notification-service] [main] o.s.c.c.c.ConfigServerConfigDataLoader   : Exception on Url - http://localhost:8888:org.springframework.web.client.ResourceAccessException: I/O error on GET request for "http://localhost:8888/notification-service/default": Connection refused: no further information. Will be trying the next url if available
2026-06-22T18:37:14.736-04:00  WARN 14344 --- [notification-service] [main] o.s.c.c.c.ConfigServerConfigDataLoader   : Could not locate PropertySource ([ConfigServerConfigDataResource@3e84111a uris = array<String>['http://localhost:8888'], optional = true, profiles = 'default']): I/O error on GET request for "http://localhost:8888/notification-service/default": Connection refused: no further information
2026-06-22T18:37:16.677-04:00  INFO 14344 --- [notification-service] [main] o.s.b.t.m.w.SpringBootMockServletContext : Initializing Spring TestDispatcherServlet ''
2026-06-22T18:37:16.677-04:00  INFO 14344 --- [notification-service] [main] o.s.t.web.servlet.TestDispatcherServlet  : Initializing Servlet ''
2026-06-22T18:37:16.677-04:00  INFO 14344 --- [notification-service] [main] o.s.t.web.servlet.TestDispatcherServlet  : Completed initialization in 0 ms
2026-06-22T18:37:16.713-04:00  INFO 14344 --- [notification-service] [main] c.s.n.c.NotificacionControllerTest       : Started NotificacionControllerTest in 2.845 seconds (process running for 3.778)
